[emberhouse.com/index.html]
[backblue.gif]
[fade.gif]
[index.html]
[emberhouse.com/wp-content/themes/emberhouse/images/layout/ehfb.jpg]
[emberhouse.com/wp-content/themes/emberhouse/images/icons/apple-icon-57x57.png]
[emberhouse.com/wp-content/themes/emberhouse/images/icons/apple-icon-114x114.png]
[emberhouse.com/wp-content/themes/emberhouse/images/icons/apple-icon-72x72.png]
[emberhouse.com/wp-content/themes/emberhouse/images/icons/apple-icon-144x144.png]
[emberhouse.com/wp-content/themes/emberhouse/images/icons/apple-icon-60x60.png]
[emberhouse.com/wp-content/themes/emberhouse/images/icons/apple-icon-120x120.png]
[emberhouse.com/wp-content/themes/emberhouse/images/icons/apple-icon-76x76.png]
[emberhouse.com/wp-content/themes/emberhouse/images/icons/apple-icon-152x152.png]
[emberhouse.com/wp-content/themes/emberhouse/images/icons/apple-icon-180x180.png]
[emberhouse.com/wp-content/themes/emberhouse/images/icons/favicon-96x96.png]
[emberhouse.com/wp-content/themes/emberhouse/images/icons/favicon-16x16.png]
[emberhouse.com/wp-content/themes/emberhouse/images/icons/favicon-32x32.png]
[emberhouse.com/wp-content/themes/emberhouse/bin/min.css]
[emberhouse.com/wp-content/plugins/contact-form-7/includes/css/styles167b.css]
[emberhouse.com/wp-content/plugins/simple-share-buttons-plus/ssbp.minece2.css]
[emberhouse.com/wp-includes/js/jquery/jquery-migrate.min330a.js]
[w.sharethis.com/button/st_insights0057.js]
[emberhouse.com/wp-includes/js/jquery/jqueryb8ff.js]
[emberhouse.com/xmlrpc0db0.php]
[emberhouse.com/wp-json/index.html]
[emberhouse.com/wp-includes/wlwmanifest.xml]
[emberhouse.com/wp-json/oembed/1.0/embed1470.json]
[emberhouse.com/wp-json/oembed/1.0/embedd2cb]
[emberhouse.com/wp-content/themes/emberhouse/vendors/autotrack.js]
[www.google-analytics.com/analytics.js]
[emberhouse.com/our-story.html]
[emberhouse.com/our-difference.html]
[emberhouse.com/services.html]
[emberhouse.com/contact.html]
[emberhouse.com/wp-content/uploads/2017/01/informed.jpg]
[emberhouse.com/wp-content/uploads/2017/01/grounded.jpg]
[emberhouse.com/wp-content/uploads/2017/01/narrowed.jpg]
[emberhouse.com/wp-content/uploads/2017/01/instilled.jpg]
[emberhouse.com/wp-content/uploads/2017/01/tested.jpg]
[emberhouse.com/wp-content/uploads/2017/01/enlighten.jpg]
[calendly.com/assets/external/widget.css]
[calendly.com/assets/external/widget.js]
[emberhouse.com/wp-content/plugins/simple-share-buttons-plus/images/simple-share-buttons-logo-white.png]
[emberhouse.com/wp-content/plugins/contact-form-7/includes/js/jquery.form.mind03d.js]
[emberhouse.com/wp-content/plugins/contact-form-7/includes/js/scripts167b.js]
[emberhouse.com/wp-content/plugins/simple-share-buttons-plus/js/ssbp_standard.minece2.js]
[emberhouse.com/wp-content/plugins/simple-share-buttons-plus/js/ssbp_email.minece2.js]
[emberhouse.com/wp-includes/js/wp-embed.minece2.js]
[emberhouse.com/index.html]
[emberhouse.com/wp-content/themes/emberhouse/fonts/ProximaNova-Bold.eot]
[emberhouse.com/wp-content/themes/emberhouse/fonts/ProximaNova-Bold.woff]
[emberhouse.com/wp-content/themes/emberhouse/fonts/ProximaNova-Boldd41d.eot]
[emberhouse.com/wp-content/themes/emberhouse/fonts/ProximaNova-Bold.ttf]
[emberhouse.com/wp-content/themes/emberhouse/fonts/ProximaNova-Extrabld.eot]
[emberhouse.com/wp-content/themes/emberhouse/fonts/ProximaNova-Extrabldd41d.eot]
[emberhouse.com/wp-content/themes/emberhouse/fonts/ProximaNova-Extrabld.woff]
[emberhouse.com/wp-content/themes/emberhouse/bin/min.js]
[emberhouse.com/wp-content/themes/emberhouse/fonts/ProximaNova-Extrabld.ttf]
[emberhouse.com/wp-content/themes/emberhouse/fonts/ProximaNova-Light.eot]
[emberhouse.com/wp-content/themes/emberhouse/fonts/ProximaNova-Light.woff]
[emberhouse.com/wp-content/themes/emberhouse/fonts/ProximaNova-Lightd41d.eot]
[emberhouse.com/wp-content/themes/emberhouse/fonts/ProximaNova-Light.ttf]
[emberhouse.com/wp-content/themes/emberhouse/fonts/ProximaNova-Regular.eot]
[emberhouse.com/wp-content/themes/emberhouse/fonts/ProximaNova-Regulard41d.eot]
[emberhouse.com/wp-content/themes/emberhouse/fonts/ProximaNova-Regular.woff]
[emberhouse.com/wp-content/themes/emberhouse/fonts/ProximaNova-Regular.ttf]
[emberhouse.com/wp-content/themes/emberhouse/fonts/ProximaNova-Black.eot]
[emberhouse.com/wp-content/themes/emberhouse/fonts/ProximaNova-Black.woff]
[emberhouse.com/wp-content/themes/emberhouse/fonts/ProximaNova-Blackd41d.eot]
[emberhouse.com/wp-content/themes/emberhouse/fonts/ProximaNova-Black.ttf]
[emberhouse.com/wp-content/themes/emberhouse/fonts/ProximaNova-Semibold.eot]
[emberhouse.com/wp-content/themes/emberhouse/fonts/ProximaNova-Semibold.woff]
[emberhouse.com/wp-content/themes/emberhouse/fonts/ProximaNova-Semibold.ttf]
[emberhouse.com/wp-content/themes/emberhouse/fonts/ProximaNova-Semiboldd41d.eot]
[emberhouse.com/wp-content/themes/emberhouse/bin/min.css]
[emberhouse.com/wp-content/plugins/contact-form-7/images/ajax-loader.gif]
[emberhouse.com/wp-content/plugins/contact-form-7/includes/css/styles167b.css]
[emberhouse.com/wp-content/plugins/simple-share-buttons-plus/sharebuttons/assets/fonts/ssbp0cb0.eot]
[emberhouse.com/wp-content/plugins/simple-share-buttons-plus/sharebuttons/assets/fonts/ssbpd41d.eot]
[emberhouse.com/wp-content/plugins/simple-share-buttons-plus/sharebuttons/assets/fonts/ssbp0cb0.woff]
[emberhouse.com/wp-content/plugins/simple-share-buttons-plus/sharebuttons/assets/fonts/ssbp0cb0.ttf]
[emberhouse.com/wp-content/plugins/simple-share-buttons-plus/ssbp.minece2.css]
[emberhouse.com/wp-content/themes/emberhouse/images/icons/xapple-icon-57x57.png.pagespeed.ic.kNVMXaEjPY.png]
[emberhouse.com/wp-content/themes/emberhouse/images/icons/xapple-icon-114x114.png.pagespeed.ic.7mUxiwmrSa.png]
[emberhouse.com/wp-content/themes/emberhouse/images/icons/xapple-icon-72x72.png.pagespeed.ic.id28frjglc.png]
[emberhouse.com/wp-content/themes/emberhouse/images/icons/xapple-icon-144x144.png.pagespeed.ic.nuY9Gz8aSk.png]
[emberhouse.com/wp-content/themes/emberhouse/images/icons/xapple-icon-60x60.png.pagespeed.ic.RdxWwRArs2.png]
[emberhouse.com/wp-content/themes/emberhouse/images/icons/xapple-icon-120x120.png.pagespeed.ic.ifWmh-fL7T.png]
[emberhouse.com/wp-content/themes/emberhouse/images/icons/xapple-icon-76x76.png.pagespeed.ic.OCfFUjVHMg.png]
[emberhouse.com/wp-content/themes/emberhouse/images/icons/xapple-icon-152x152.png.pagespeed.ic.DH4bNLq6c2.png]
[emberhouse.com/wp-content/themes/emberhouse/images/icons/xapple-icon-180x180.png.pagespeed.ic.am455EsL1R.png]
[emberhouse.com/wp-content/themes/emberhouse/images/icons/xfavicon-96x96.png.pagespeed.ic.-hJBB2JUMA.png]
[emberhouse.com/wp-content/themes/emberhouse/images/icons/xfavicon-16x16.png.pagespeed.ic.uHXfy7KHEz.png]
[emberhouse.com/wp-content/themes/emberhouse/images/icons/xfavicon-32x32.png.pagespeed.ic.wGKwHrspaq.png]
[emberhouse.com/wp-content/themes/emberhouse/bin/A.min.css.pagespeed.cf.gHTNJIqknR.css]
[emberhouse.com/wp-content/plugins/contact-form-7/images/ajax-loader.gif.pagespeed.ce.r5YrN3eaRD.gif]
[emberhouse.com/wp-content/plugins/simple-share-buttons-plus/A.ssbp.min.css,qver=4.7.18.pagespeed.cf.FgBOQ9bcBV.css]
[emberhouse.com/wp-includes/js/jquery/jquery-migrate.min.js,qver=1.4.1.pagespeed.jm.C2obERNcWh.js]
[emberhouse.com/wp-includes/js/jquery/jquery.js,qver=1.12.4.pagespeed.jm.gp20iU5FlU.js]
[emberhouse.com/wp-json/oembed/1.0/embed423e.json]
[emberhouse.com/wp-json/oembed/1.0/embed05b8]
[emberhouse.com/wp-content/themes/emberhouse/vendors/autotrack.js.pagespeed.jm.DdWIIeXZ7o.js]
[emberhouse.com/wp-content/themes/emberhouse/images/temp/xmmiller.jpg.pagespeed.ic.7Rwk9Kjb6Y.jpg]
[emberhouse.com/wp-content/themes/emberhouse/images/temp/xldieter_semibig.jpg.pagespeed.ic.5TGYuR9a8x.jpg]
[emberhouse.com/wp-content/uploads/2017/01/xmattmiller2.jpg.pagespeed.ic.l20RjwFZ08.jpg]
[emberhouse.com/wp-content/uploads/2017/01/xldieter.jpg.pagespeed.ic.-sbZ81LRvC.jpg]
[emberhouse.com/wp-content/plugins/simple-share-buttons-plus/images/xsimple-share-buttons-logo-white.png.pagespeed.ic.mEJSlAv1t_.png]
[emberhouse.com/wp-content/plugins/contact-form-7/includes/js/jquery.form.min.js,qver=3.51.0-2014.06.20.pagespeed.jm.RVBOol6lkO.js]
[emberhouse.com/wp-content/plugins/contact-form-7,_includes,_js,_scripts.js,qver==4.6+simple-share-buttons-plus,_js,_ssbp_standard.min.js,qver==4.7.18.pagespeed.jc.BvHqUWXZGH.js]
[emberhouse.com/wp-content,_plugins,_simple-share-buttons-plus,_js,_ssbp_email.min.js,qver==4.7.18+wp-includes,_js,_wp-embed.min.js,qver==4.7.18.pagespeed.jc.gujKEGLCr5.js]
[emberhouse.com/our-story.html]
[emberhouse.com/wp-json/oembed/1.0/embed9d3f.json]
[emberhouse.com/wp-json/oembed/1.0/embed919d]
[emberhouse.com/our-difference.html]
[emberhouse.com/wp-json/oembed/1.0/embedab47.json]
[emberhouse.com/wp-json/oembed/1.0/embed0743]
[emberhouse.com/services.html]
[emberhouse.com/wp-json/oembed/1.0/embed6201.json]
[emberhouse.com/wp-json/oembed/1.0/embedf4ce]
[emberhouse.com/wp-content/themes/emberhouse/images/layout/xmap-mask.png.pagespeed.ic.hZLfacS2kc.png]
[emberhouse.com/contact.html]
[emberhouse.com/wp-content/themes/emberhouse/svgs/arrow-up.svg]
[emberhouse.com/legal/index.html]
[emberhouse.com/legal.html]
[emberhouse.com/wp-content/themes/emberhouse/bin/min.js.pagespeed.jm.jDbGEPXtlU.js]
[calendly.com/assets/external/widget.css]
[emberhouse.com/contact/index.html]
[emberhouse.com/our-story/index.html]
[emberhouse.com/wp-content/themes/emberhouse/svgs/arrow-dropdown.svg]
[emberhouse.com/wp-content/plugins/simple-share-buttons-plus/sharebuttons/assets/fonts/ssbp0cb0.svg]
[emberhouse.com/wp-content/themes/emberhouse/bin/A.min.css.pagespeed.cf.gHTNJIqknR.css]
[emberhouse.com/wp-content/plugins/simple-share-buttons-plus/A.ssbp.min.css,qver=4.7.18.pagespeed.cf.FgBOQ9bcBV.css]
[emberhouse.com/index5eda.html]
[emberhouse.com/index678b.html]
[emberhouse.com/index64b4.html]
[emberhouse.com/wp-content/uploads/2017/01/services-1.svg]
[emberhouse.com/wp-content/uploads/2017/01/services-2.svg]
[emberhouse.com/wp-content/uploads/2017/01/services-3.svg]
[emberhouse.com/wp-content/uploads/2017/01/services-4.svg]
[emberhouse.com/index42dc.html]
[emberhouse.com/wp-content/uploads/2017/01/contact-consultation.svg]
[emberhouse.com/wp-content/uploads/2017/01/contact-press.svg]
[calendly.com/assets/external/close-icon.svg]
[emberhouse.com/wp-json/oembed/1.0/embed30bb.json]
[emberhouse.com/wp-json/oembed/1.0/embed745d]
[emberhouse.com/legal.html]
[calendly.com/assets/external/close-icon.svg]
[emberhouse.com/indexbbbf.html]
